SyntaxError: Unexpected token '<', "<!DOCTYPE "... is not valid JSON